[modernsteel.in/contact/index.html]
[modernsteel.in/wp-content/uploads/2020/08/favicon.png]
[backblue.gif]
[fade.gif]
[index.html]
[modernsteel.in/wp-includes/js/jquery/jqueryb8ff.js]
[modernsteel.in/wp-includes/js/jquery/jquery-migrate.min330a.js]
[modernsteel.in/wp-content/plugins/revslider/public/assets/js/revolution.tools.minf049.js]
[modernsteel.in/wp-content/plugins/essential-grid/public/assets/js/jquery.themepunch.essential.mina7f4.js]
[modernsteel.in/wp-content/plugins/keydesign-addon/assets/js/jquery.easing.min6434.js]
[modernsteel.in/wp-content/plugins/keydesign-addon/assets/js/owl.carousel.min6434.js]
[modernsteel.in/wp-content/plugins/keydesign-addon/assets/js/jquery.appear6434.js]
[modernsteel.in/wp-content/plugins/keydesign-addon/assets/js/photoswipe.min6434.js]
[modernsteel.in/wp-content/plugins/keydesign-addon/assets/js/photoswipe-ui-default.min6434.js]
[modernsteel.in/wp-content/plugins/keydesign-addon/assets/js/kd_addon_script6434.js]
[modernsteel.in/wp-content/plugins/revslider/public/assets/js/rs6.minb5e1.js]
[modernsteel.in/wp-content/plugins/keydesign-addon/assets/js/jquery.easytabs.min6434.js]
[modernsteel.in/wp-content/uploads/2020/10/logo.png]
[modernsteel.in/contact/_]
[modernsteel.in/wp-content/plugins/contact-form-7/includes/js/scriptsb62d.js]
[www.google.com/recaptcha/api621b.js]
[modernsteel.in/wp-content/themes/modernsteel/core/assets/js/bootstrap.min6434.js]
[modernsteel.in/wp-content/themes/modernsteel/core/assets/js/SmoothScroll6434.js]
[modernsteel.in/wp-content/themes/modernsteel/core/assets/js/scripts6434.js]
[modernsteel.in/wp-content/plugins/page-links-to/dist/new-tab7984.js]
[modernsteel.in/wp-includes/js/wp-embed.min6434.js]
[modernsteel.in/wp-content/plugins/js_composer/assets/js/dist/js_composer_front.min52c7.js]
[modernsteel.in/contact/index.html]
[modernsteel.in/wp-content/plugins/contact-form-7/images/ajax-loader.gif]
[modernsteel.in/wp-content/plugins/contact-form-7/includes/css/stylesb62d.css]
[modernsteel.in/wp-content/plugins/essential-grid/public/assets/images/ajax-loader.gif]
[modernsteel.in/wp-content/plugins/essential-grid/public/assets/images/loader.gif]
[modernsteel.in/wp-content/plugins/essential-grid/public/assets/css/settingsa7f4.css]
[modernsteel.in/wp-content/themes/modernsteel/core/assets/css/bootstrap.min6434.css]
[modernsteel.in/wp-content/themes/modernsteel/images/grabbing.png]
[modernsteel.in/wp-content/themes/modernsteel/images/arrow-down.png]
[modernsteel.in/wp-content/themes/modernsteel/images/hover-arrow.png]
[modernsteel.in/wp-content/themes/modernsteel/core/assets/images/icons/select-arrow.png]
[modernsteel.in/wp-content/themes/modernsteel/style6434.css]
[modernsteel.in/wp-content/plugins/keydesign-addon/assets/img/share.png]
[modernsteel.in/wp-content/plugins/keydesign-addon/assets/img/long-shadow.png]
[modernsteel.in/wp-content/plugins/keydesign-addon/assets/img/section-bg.jpg]
[modernsteel.in/wp-content/plugins/keydesign-addon/assets/css/kd_vc_front6434.css]
[modernsteel.in/wp-content/plugins/keydesign-addon/assets/css/photoswipe6434.css]
[modernsteel.in/wp-content/plugins/keydesign-addon/assets/img/photoswipe/default-skin.png]
[modernsteel.in/wp-content/plugins/keydesign-addon/assets/img/photoswipe/preloader.gif]
[modernsteel.in/wp-content/plugins/keydesign-addon/assets/css/photoswipe-default-skin6434.css]
[modernsteel.in/wp-content/plugins/revslider/public/assets/assets/gridtile.png]
[modernsteel.in/wp-content/plugins/revslider/public/assets/assets/gridtile_white.png]
[modernsteel.in/wp-content/plugins/revslider/public/assets/assets/gridtile_3x3.png]
[modernsteel.in/wp-content/plugins/revslider/public/assets/assets/gridtile_3x3_white.png]
[modernsteel.in/wp-content/plugins/revslider/public/assets/assets/coloredbg.png]
[modernsteel.in/wp-content/plugins/revslider/public/assets/assets/loader.gif]
[modernsteel.in/wp-content/plugins/revslider/public/assets/css/rs6b5e1.css]
[modernsteel.in/wp-content/plugins/js_composer/assets/lib/bower/font-awesome/css/font-awesome.min52c7.css]
[modernsteel.in/wp-content/plugins/keydesign-addon/assets/css/iconsmind.min6434.css]
[modernsteel.in/wp-content/plugins/js_composer/assets/vc/alert.png]
[modernsteel.in/wp-content/plugins/js_composer/assets/vc/info.png]
[modernsteel.in/wp-content/plugins/js_composer/assets/vc/tick.png]
[modernsteel.in/wp-content/plugins/js_composer/assets/vc/exclamation.png]
[modernsteel.in/wp-content/plugins/js_composer/assets/images/icons/address-book.png]
[modernsteel.in/wp-content/plugins/js_composer/assets/images/icons/alarm-clock.png]
[modernsteel.in/wp-content/plugins/js_composer/assets/images/icons/anchor.png]
[modernsteel.in/wp-content/plugins/js_composer/assets/images/icons/application-image.png]
[modernsteel.in/wp-content/plugins/js_composer/assets/images/icons/arrow.png]
[modernsteel.in/wp-content/plugins/js_composer/assets/images/icons/asterisk.png]
[modernsteel.in/wp-content/plugins/js_composer/assets/images/icons/auction-hammer.png]
[modernsteel.in/wp-content/plugins/js_composer/assets/images/icons/balloon.png]
[modernsteel.in/wp-content/plugins/js_composer/assets/images/icons/balloon-buzz.png]
[modernsteel.in/wp-content/plugins/js_composer/assets/images/icons/balloon-facebook.png]
[modernsteel.in/wp-content/plugins/js_composer/assets/images/icons/balloon-twitter.png]
[modernsteel.in/wp-content/plugins/js_composer/assets/images/icons/battery-full.png]
[modernsteel.in/wp-content/plugins/js_composer/assets/images/icons/binocular.png]
[modernsteel.in/wp-content/plugins/js_composer/assets/images/icons/blue-document-excel.png]
[modernsteel.in/wp-content/plugins/js_composer/assets/images/icons/blue-document-image.png]
[modernsteel.in/wp-content/plugins/js_composer/assets/images/icons/blue-document-music.png]
[modernsteel.in/wp-content/plugins/js_composer/assets/images/icons/blue-document-office.png]
[modernsteel.in/wp-content/plugins/js_composer/assets/images/icons/blue-document-pdf.png]
[modernsteel.in/wp-content/plugins/js_composer/assets/images/icons/blue-document-powerpoint.png]
[modernsteel.in/wp-content/plugins/js_composer/assets/images/icons/blue-document-word.png]
[modernsteel.in/wp-content/plugins/js_composer/assets/images/icons/bookmark.png]
[modernsteel.in/wp-content/plugins/js_composer/assets/images/icons/camcorder.png]
[modernsteel.in/wp-content/plugins/js_composer/assets/images/icons/camera.png]
[modernsteel.in/wp-content/plugins/js_composer/assets/images/icons/chart.png]
[modernsteel.in/wp-content/plugins/js_composer/assets/images/icons/chart-pie.png]
[modernsteel.in/wp-content/plugins/js_composer/assets/images/icons/clock.png]
[modernsteel.in/wp-content/plugins/js_composer/assets/images/icons/control.png]
[modernsteel.in/wp-content/plugins/js_composer/assets/images/icons/fire.png]
[modernsteel.in/wp-content/plugins/js_composer/assets/images/icons/heart.png]
[modernsteel.in/wp-content/plugins/js_composer/assets/images/icons/mail.png]
[modernsteel.in/wp-content/plugins/js_composer/assets/images/icons/plus-shield.png]
[modernsteel.in/wp-content/plugins/js_composer/assets/images/icons/video.png]
[modernsteel.in/wp-content/plugins/js_composer/assets/images/toggle_open.png]
[modernsteel.in/wp-content/plugins/js_composer/assets/images/toggle_close.png]
[modernsteel.in/wp-content/plugins/js_composer/assets/images/flickr.png]
[modernsteel.in/wp-content/plugins/js_composer/assets/images/spinner.gif]
[modernsteel.in/wp-content/plugins/js_composer/assets/vc/remove.png]
[modernsteel.in/wp-content/plugins/js_composer/assets/css/js_composer.min52c7.css]
[modernsteel.in/wp-content/plugins/keydesign-addon/extensions/social_profiles/social_profiles/css/field_social_profiles_frontend6b9f.css]
[modernsteel.in/contact/_.html]
[modernsteel.in/wp-content/themes/modernsteel/images/grabbing.html]
[modernsteel.in/wp-content/themes/modernsteel/images/arrow-down.html]
[modernsteel.in/wp-content/themes/modernsteel/images/hover-arrow.html]
[modernsteel.in/wp-content/themes/modernsteel/core/assets/images/contact-loader.svg]
[modernsteel.in/wp-content/plugins/revslider/public/assets/css/openhand.html]
[modernsteel.in/wp-content/plugins/revslider/public/assets/css/closedhand.html]
